1,2,3,4,5
2
5
1,a,1
1,b,1
1,a,5
1,b,5
2,a,3
2,b,4
3,a,1
4,b,2
