1,2,3,4,5
1
5
1,a,2
1,c,3
2,a,4
3,c,4
4,b,5
5,a,5
