A,A1,A10,A2,A3,A4,A5,A6,A7,A8,A9,B,B1,B2,C
a,b,c
A
A->aA1
A1->aA2
A2->aA3
A3->bA4
A4->bA5
A5->bA6
A6->cA7
A7->cA8
A8->cA9
A9->aA10
A10->aB
B->cB1
B1->aB2
B2->bB
B->bC
B->#
C->aB
