1,2,3,4,5,6
1
4,6
1,a,2
1,b,3
2,a,4
3,b,5
4,b,6
5,a,5
