1,2,3,4,5,6,7,8,9,10,11,13,15,14,12
1
12
1,a,2
2,a,3
3,a,4
4,b,5
5,b,6
6,b,7
7,c,8
8,c,9
9,c,10
10,a,11
11,a,12
12,c,13
12,b,15
13,a,14
14,b,12
15,a,12
